// Jest Snapshot v1, https://goo.gl/fbAQLP

exports[`get offer code: offer-code 1`] = `"123"`;
